[www.yunajong.com/index.html]
[www.yunajong.com/t.0.delayed]
[www.yunajong.com/e.1.delayed]
[backblue.gif]
[fade.gif]
[index.html]
[www.yunajong.com/hello.html]
[www.yunajong.com/_files/ugd/Climbing_YunaJong.pdf_; filename_=UTF-8''Climbing_YunaJong.pdf]
[www.yunajong.com/_files/ugd/Jangling%28Yuna%29%2C%20Jong.pdf_; filename_=UTF-8''Jangling%28Yuna%29%2C%20Jong.pdf]
[www.yunajong.com/slot-game-ui-redesign.html]
[www.yunajong.com/design-system-for-games.html]
[www.yunajong.com/visual-strategy-ai-driven-design.html]
[www.yunajong.com/game-ux-optimization.html]
[www.yunajong.com/customer-hub.html]
[www.yunajong.com/customer-lobby-cms-design.html]
[www.yunajong.com/3d-virtual-fitting-design.html]
[www.yunajong.com/3d-virtual-fitting-cms.html]
[www.yunajong.com/firefox-10th-anniversary.html]
[www.yunajong.com/firefox-29.html]
[www.yunajong.com/enjoy-every-moment.html]
[www.yunajong.com/logistics-service-design.html]
[www.yunajong.com/homspital.html]
[www.yunajong.com/firefox-anywhere.html]
[www.yunajong.com/wood-supply-chain-service-design.html]
[www.yunajong.com/travel-book.html]
[www.yunajong.com/sitemap.xml]
[www.yunajong.com/api/index.html]
[www.yunajong.com/envelope/index.html]
[www.yunajong.com/feed.16.delayed]
[www.yunajong.com/decodeURIComponent(e.17.delayed]
[www.yunajong.com/index.html]
[www.yunajong.com/t.html]
[www.yunajong.com/e.html]
[www.yunajong.com/hello.html]
[www.yunajong.com/_files/ugd/ui-flow_min.pdf_; filename_=UTF-8''ui-flow_min.pdf]
[www.yunajong.com/_files/ugd/User%20journey%20map.pdf_; filename_=UTF-8''User%20journey%20map.pdf]
[www.yunajong.com/_files/ugd/retailer_UI%20function.pdf_; filename_=UTF-8''retailer_UI%20function.pdf]
[www.yunajong.com/_files/ugd/Function%20%26%20User%20Story%20Map.pdf_; filename_=UTF-8''Function%20%26%20User%20Story%20Map.pdf]
[www.yunajong.com/_files/ugd/W-UserA.pdf_; filename_=UTF-8''W-UserA.pdf]
[www.yunajong.com/_files/ugd/MockupTesting.pdf_; filename_=UTF-8''MockupTesting.pdf]
[www.yunajong.com/slot-game-ui-redesign.html]
[www.yunajong.com/_files/ugd/Design%20Language.pdf_; filename_=UTF-8''Design%20Language.pdf]
[www.yunajong.com/design-system-for-games.html]
[www.yunajong.com/_files/ugd/Spring%20Campaign%20KV%20Mood%20Board.pdf_; filename_=UTF-8''Spring%20Campaign%20KV%20Mood%20Board.pdf]
[www.yunajong.com/_files/ugd/Spring%20Campaign%20KV%20Mood%20Board.pdf_; filename_=UTF-8''Spring%20Campaign%20KV%20Mood%20Board-2.pdf]
[www.yunajong.com/_files/ugd/Golden%20Summer%20KV%20Mood%20Board.pdf_; filename_=UTF-8''Golden%20Summer%20KV%20Mood%20Board.pdf]
[www.yunajong.com/_files/ugd/Competitor%20Analysis.pdf_; filename_=UTF-8''Competitor%20Analysis.pdf]
[www.yunajong.com/_files/ugd/Resking.pdf_; filename_=UTF-8''Resking.pdf]
[www.yunajong.com/visual-strategy-ai-driven-design.html]
[www.yunajong.com/_files/ugd/Data.pdf_; filename_=UTF-8''Data.pdf]
[www.yunajong.com/_files/ugd/High-Count%20Autoplay%20Usage.pdf_; filename_=UTF-8''High-Count%20Autoplay%20Usage.pdf]
[www.yunajong.com/_files/ugd/_YunaJ-Trigger%20Bonus%20Feature%20Sounds%20Testing-270725-090356.pdf_; filename_=UTF-8''_YunaJ-Trigger%20Bonus%20Feature%20Sounds%20Testing-270725-090356.pdf]
[www.yunajong.com/game-ux-optimization.html]
[www.yunajong.com/customer-hub.html]
[www.yunajong.com/_files/ugd/mg88_v2_cms_2024.pdf_; filename_=UTF-8''mg88_v2_cms_2024.pdf]
[www.yunajong.com/customer-lobby-cms-design.html]
[www.yunajong.com/_https_/static.wixstatic.com/media/864260_016ae6f7698a49088e1d3a4814867aa2_mv2.jpg/v1/fill/w_1280,h_720,enc_auto/file.2f.delayed]
[www.yunajong.com/_files/ugd/Prioritised%20Funtion%20List.pdf_; filename_=UTF-8''Prioritised%20Funtion%20List.pdf]
[www.yunajong.com/_files/ugd/api1.4.2_web.pdf_; filename_=UTF-8''api1.4.2_web.pdf]
[www.yunajong.com/_files/ugd/api1.4.2_mobile.pdf_; filename_=UTF-8''api1.4.2_mobile.pdf]
[www.yunajong.com/3d-virtual-fitting-design.html]
[www.yunajong.com/_https_/static.wixstatic.com/media/864260_4285aa4ae74141d2ae0b2df5ffa271eb_mv2.jpg/v1/fill/w_1280,h_720,enc_auto/file.33.delayed]
[www.yunajong.com/_files/ugd/CMS_wireframe.pdf_; filename_=UTF-8''CMS_wireframe.pdf]
[www.yunajong.com/3d-virtual-fitting-cms.html]
[www.yunajong.com/_https_/static.wixstatic.com/media/864260_67c0ce95a1c1429a8798fb56705d8022_mv2.jpg/v1/fill/w_1280,h_720,enc_auto/file.35.delayed]
[www.yunajong.com/_https_/i.vimeocdn.com/video/621214585-39966ccf90675246ebc781cb44eeeb283e946de779599bd12cb27d9c8385073e-d_1920x1080_.36.delayed]
[www.yunajong.com/firefox-10th-anniversary.html]
[www.yunajong.com/_https_/i.vimeocdn.com/video/621755209-91a5eb8e32e31233c29e8aaadffee92dc3adef7f49e7a01edeb0c006a9601773-d_1920x1080_.37.delayed]
[www.yunajong.com/firefox-29.html]
[www.yunajong.com/enjoy-every-moment.html]
[www.yunajong.com/logistics-service-design.html]
[www.yunajong.com/_https_/static.wixstatic.com/media/864260_dda83405d5804a0488f054fd3ef45e81_mv2.png/v1/fill/w_1280,h_720,enc_auto/file.38.delayed]
[www.yunajong.com/homspital.html]
[www.yunajong.com/_https_/i.vimeocdn.com/video/494958976-ad7d3ea4f5e60367626e4c9e890ed9f616d544742cce29f4132db30bd20064b6-d_1920x1080_.39.delayed]
[www.yunajong.com/_https_/i.vimeocdn.com/video/621208639-1715effa2aede9a8a31c2027fdbe4fbca8fbe2b82031b9f123f475ec31564f66-d_1920x1080_.3a.delayed]
[www.yunajong.com/firefox-anywhere.html]
[www.yunajong.com/_https_/static.wixstatic.com/media/864260_1a8864bedc414d0a945100e0b0516330_mv2.jpg/v1/fill/w_1280,h_720,enc_auto/file.3b.delayed]
[www.yunajong.com/wood-supply-chain-service-design.html]
[www.yunajong.com/_https_/static.wixstatic.com/media/864260_47fd6be31d4e4d66a43998e5cd4041de_mv2.jpg/v1/fill/w_1280,h_720,enc_auto/file.3c.delayed]
[www.yunajong.com/travel-book.html]
[www.yunajong.com/api/index.html]
[www.yunajong.com/envelope/index.html]
[www.yunajong.com/feed.html]
[www.yunajong.com/decodeURIComponent(e.html]
[www.yunajong.com/_https_/static.wixstatic.com/media/864260_016ae6f7698a49088e1d3a4814867aa2_mv2.jpg/v1/fill/w_1280,h_720,enc_auto/file.html]
[www.yunajong.com/_https_/static.wixstatic.com/media/864260_4285aa4ae74141d2ae0b2df5ffa271eb_mv2.jpg/v1/fill/w_1280,h_720,enc_auto/file.html]
[www.yunajong.com/_https_/static.wixstatic.com/media/864260_67c0ce95a1c1429a8798fb56705d8022_mv2.jpg/v1/fill/w_1280,h_720,enc_auto/file.html]
[www.yunajong.com/_https_/i.vimeocdn.com/video/621214585-39966ccf90675246ebc781cb44eeeb283e946de779599bd12cb27d9c8385073e-d_1920x1080_.html]
[www.yunajong.com/_https_/i.vimeocdn.com/video/621755209-91a5eb8e32e31233c29e8aaadffee92dc3adef7f49e7a01edeb0c006a9601773-d_1920x1080_.html]
[www.yunajong.com/_https_/static.wixstatic.com/media/864260_dda83405d5804a0488f054fd3ef45e81_mv2.png/v1/fill/w_1280,h_720,enc_auto/file.html]
[www.yunajong.com/_https_/i.vimeocdn.com/video/494958976-ad7d3ea4f5e60367626e4c9e890ed9f616d544742cce29f4132db30bd20064b6-d_1920x1080_.html]
[www.yunajong.com/_https_/i.vimeocdn.com/video/621208639-1715effa2aede9a8a31c2027fdbe4fbca8fbe2b82031b9f123f475ec31564f66-d_1920x1080_.html]
[www.yunajong.com/_https_/static.wixstatic.com/media/864260_1a8864bedc414d0a945100e0b0516330_mv2.jpg/v1/fill/w_1280,h_720,enc_auto/file.html]
[www.yunajong.com/_https_/static.wixstatic.com/media/864260_47fd6be31d4e4d66a43998e5cd4041de_mv2.jpg/v1/fill/w_1280,h_720,enc_auto/file.html]
[www.yunajong.com/_files/ugd/Resking.pdf_; filename_=UTF-8''Resking.pdf]
